<?xml version="1.0" encoding="UTF-8"?>
<testsuites name="Mocha Tests" time="0.0000" tests="1" failures="1">
  <testsuite name="Root Suite" timestamp="2022-09-20T10:59:26" tests="0" file="cypress\e2e\whatsapp.cy.ts" time="0.0000" failures="0">
  </testsuite>
  <testsuite name="empty spec" timestamp="2022-09-20T10:59:26" tests="1" time="0.0000" failures="1">
    <testcase name="empty spec passes" time="0.0000" classname="passes">
      <failure message="`cy.visit()` failed trying to load:

https://web.whatsapp.com/

The response we received from your web server was:

  &gt; 400: Bad Request

This was considered a failure because the status code was not `2xx`.

If you do not want status codes to cause failures pass the option: `failOnStatusCode: false`" type="CypressError"><![CDATA[CypressError: `cy.visit()` failed trying to load:

https://web.whatsapp.com/

The response we received from your web server was:

  > 400: Bad Request

This was considered a failure because the status code was not `2xx`.

If you do not want status codes to cause failures pass the option: `failOnStatusCode: false`
    at <unknown> (http://localhost:50524/__cypress/runner/cypress_runner.js:142110:84)
    at visitFailedByErr (http://localhost:50524/__cypress/runner/cypress_runner.js:141429:12)
    at <unknown> (http://localhost:50524/__cypress/runner/cypress_runner.js:142090:13)
    at tryCatcher (http://localhost:50524/__cypress/runner/cypress_runner.js:11318:23)
    at Promise._settlePromiseFromHandler (http://localhost:50524/__cypress/runner/cypress_runner.js:9253:31)
    at Promise._settlePromise (http://localhost:50524/__cypress/runner/cypress_runner.js:9310:18)
    at Promise._settlePromise0 (http://localhost:50524/__cypress/runner/cypress_runner.js:9355:10)
    at Promise._settlePromises (http://localhost:50524/__cypress/runner/cypress_runner.js:9431:18)
    at _drainQueueStep (http://localhost:50524/__cypress/runner/cypress_runner.js:6025:12)
    at _drainQueue (http://localhost:50524/__cypress/runner/cypress_runner.js:6018:9)
    at ../../node_modules/bluebird/js/release/async.js.Async._drainQueues (http://localhost:50524/__cypress/runner/cypress_runner.js:6034:5)
    at Async.drainQueues (http://localhost:50524/__cypress/runner/cypress_runner.js:5904:14)
From Your Spec Code:
    at Context.eval (webpack:///./cypress/e2e/whatsapp.cy.ts:3:7)]]></failure>
    </testcase>
  </testsuite>
</testsuites>